2025-09-05 16:17:16,775 [1] INFO  logger - 页面中文语言配置成功
2025-09-05 16:17:16,775 [1] INFO  logger - 页面英文语言配置成功
2025-09-05 16:17:16,775 [1] INFO  logger - 页面中文弹框信息配置成功
2025-09-05 16:17:16,775 [1] INFO  logger - 页面英文弹框信息配置成功
2025-09-05 16:18:48,482 [1] INFO  logger - 页面中文语言配置成功
2025-09-05 16:18:48,482 [1] INFO  logger - 页面英文语言配置成功
2025-09-05 16:18:48,482 [1] INFO  logger - 页面中文弹框信息配置成功
2025-09-05 16:18:48,482 [1] INFO  logger - 页面英文弹框信息配置成功
2025-09-05 16:20:10,204 [1] INFO  logger - 页面中文语言配置成功
2025-09-05 16:20:10,206 [1] INFO  logger - 页面英文语言配置成功
2025-09-05 16:20:10,211 [1] INFO  logger - 页面中文弹框信息配置成功
2025-09-05 16:20:10,211 [1] INFO  logger - 页面英文弹框信息配置成功
2025-09-05 16:22:34,109 [1] INFO  logger - 页面中文语言配置成功
2025-09-05 16:22:34,117 [1] INFO  logger - 页面英文语言配置成功
2025-09-05 16:22:34,117 [1] INFO  logger - 页面中文弹框信息配置成功
2025-09-05 16:22:34,117 [1] INFO  logger - 页面英文弹框信息配置成功
2025-09-05 16:24:00,712 [1] INFO  logger - 页面中文语言配置成功
2025-09-05 16:24:00,719 [1] INFO  logger - 页面英文语言配置成功
2025-09-05 16:24:00,719 [1] INFO  logger - 页面中文弹框信息配置成功
2025-09-05 16:24:00,719 [1] INFO  logger - 页面英文弹框信息配置成功
2025-09-05 16:24:28,812 [1] INFO  logger - 页面中文语言配置成功
2025-09-05 16:24:28,812 [1] INFO  logger - 页面英文语言配置成功
2025-09-05 16:24:28,812 [1] INFO  logger - 页面中文弹框信息配置成功
2025-09-05 16:24:28,812 [1] INFO  logger - 页面英文弹框信息配置成功
2025-09-05 16:28:34,095 [1] INFO  logger - 页面中文语言配置成功
2025-09-05 16:28:34,103 [1] INFO  logger - 页面英文语言配置成功
2025-09-05 16:28:34,103 [1] INFO  logger - 页面中文弹框信息配置成功
2025-09-05 16:28:34,103 [1] INFO  logger - 页面英文弹框信息配置成功
2025-09-05 16:36:31,382 [1] INFO  logger - 页面中文语言配置成功
2025-09-05 16:36:31,387 [1] INFO  logger - 页面英文语言配置成功
2025-09-05 16:36:31,387 [1] INFO  logger - 页面中文弹框信息配置成功
2025-09-05 16:36:31,387 [1] INFO  logger - 页面英文弹框信息配置成功
2025-09-05 16:43:58,554 [1] INFO  logger - 页面中文语言配置成功
2025-09-05 16:43:58,565 [1] INFO  logger - 页面英文语言配置成功
2025-09-05 16:43:58,565 [1] INFO  logger - 页面中文弹框信息配置成功
2025-09-05 16:43:58,565 [1] INFO  logger - 页面英文弹框信息配置成功
2025-09-05 16:54:48,124 [1] INFO  logger - 页面中文语言配置成功
2025-09-05 16:54:48,131 [1] INFO  logger - 页面英文语言配置成功
2025-09-05 16:54:48,131 [1] INFO  logger - 页面中文弹框信息配置成功
2025-09-05 16:54:48,131 [1] INFO  logger - 页面英文弹框信息配置成功
2025-09-05 16:55:01,944 [1] INFO  logger - 页面中文语言配置成功
2025-09-05 16:55:01,950 [1] INFO  logger - 页面英文语言配置成功
2025-09-05 16:55:01,950 [1] INFO  logger - 页面中文弹框信息配置成功
2025-09-05 16:55:01,950 [1] INFO  logger - 页面英文弹框信息配置成功
2025-09-05 16:59:20,938 [1] ERROR logger - UnhandledException未处理异常:已添加了具有相同键的项。
2025-09-05 17:00:30,175 [1] INFO  logger - 页面中文语言配置成功
2025-09-05 17:00:30,178 [1] INFO  logger - 页面英文语言配置成功
2025-09-05 17:00:30,178 [1] INFO  logger - 页面中文弹框信息配置成功
2025-09-05 17:00:30,178 [1] INFO  logger - 页面英文弹框信息配置成功
2025-09-05 17:03:31,974 [1] INFO  logger - 页面中文语言配置成功
2025-09-05 17:03:31,982 [1] INFO  logger - 页面英文语言配置成功
2025-09-05 17:03:31,985 [1] INFO  logger - 页面中文弹框信息配置成功
2025-09-05 17:03:31,985 [1] INFO  logger - 页面英文弹框信息配置成功
2025-09-05 17:07:03,596 [1] INFO  logger - 页面中文语言配置成功
2025-09-05 17:07:03,601 [1] INFO  logger - 页面英文语言配置成功
2025-09-05 17:07:03,601 [1] INFO  logger - 页面中文弹框信息配置成功
2025-09-05 17:07:03,601 [1] INFO  logger - 页面英文弹框信息配置成功
2025-09-05 17:14:19,684 [1] INFO  logger - 页面中文语言配置成功
2025-09-05 17:14:19,690 [1] INFO  logger - 页面英文语言配置成功
2025-09-05 17:14:19,695 [1] INFO  logger - 页面中文弹框信息配置成功
2025-09-05 17:14:19,695 [1] INFO  logger - 页面英文弹框信息配置成功
2025-09-05 17:17:15,476 [1] INFO  logger - 页面中文语言配置成功
2025-09-05 17:17:15,482 [1] INFO  logger - 页面英文语言配置成功
2025-09-05 17:17:15,483 [1] INFO  logger - 页面中文弹框信息配置成功
2025-09-05 17:17:15,483 [1] INFO  logger - 页面英文弹框信息配置成功
2025-09-05 17:18:58,242 [1] INFO  logger - 页面中文语言配置成功
2025-09-05 17:18:58,242 [1] INFO  logger - 页面英文语言配置成功
2025-09-05 17:18:58,242 [1] INFO  logger - 页面中文弹框信息配置成功
2025-09-05 17:18:58,242 [1] INFO  logger - 页面英文弹框信息配置成功
2025-09-05 17:21:56,543 [1] INFO  logger - 页面中文语言配置成功
2025-09-05 17:21:56,550 [1] INFO  logger - 页面英文语言配置成功
2025-09-05 17:21:56,550 [1] INFO  logger - 页面中文弹框信息配置成功
2025-09-05 17:21:56,550 [1] INFO  logger - 页面英文弹框信息配置成功
2025-09-05 17:22:21,106 [1] INFO  logger - 页面中文语言配置成功
2025-09-05 17:22:21,113 [1] INFO  logger - 页面英文语言配置成功
2025-09-05 17:22:21,113 [1] INFO  logger - 页面中文弹框信息配置成功
2025-09-05 17:22:21,113 [1] INFO  logger - 页面英文弹框信息配置成功
2025-09-05 17:22:46,155 [1] INFO  logger - 页面中文语言配置成功
2025-09-05 17:22:46,169 [1] INFO  logger - 页面英文语言配置成功
2025-09-05 17:22:46,169 [1] INFO  logger - 页面中文弹框信息配置成功
2025-09-05 17:22:46,169 [1] INFO  logger - 页面英文弹框信息配置成功
2025-09-05 17:22:55,494 [1] INFO  logger - 页面中文语言配置成功
2025-09-05 17:22:55,500 [1] INFO  logger - 页面英文语言配置成功
2025-09-05 17:22:55,500 [1] INFO  logger - 页面中文弹框信息配置成功
2025-09-05 17:22:55,500 [1] INFO  logger - 页面英文弹框信息配置成功
2025-09-05 17:30:12,451 [1] INFO  logger - 页面中文语言配置成功
2025-09-05 17:30:12,461 [1] INFO  logger - 页面英文语言配置成功
2025-09-05 17:30:12,461 [1] INFO  logger - 页面中文弹框信息配置成功
2025-09-05 17:30:12,461 [1] INFO  logger - 页面英文弹框信息配置成功
2025-09-05 17:31:06,805 [1] INFO  logger - 页面中文语言配置成功
2025-09-05 17:31:06,811 [1] INFO  logger - 页面英文语言配置成功
2025-09-05 17:31:06,811 [1] INFO  logger - 页面中文弹框信息配置成功
2025-09-05 17:31:06,811 [1] INFO  logger - 页面英文弹框信息配置成功
2025-09-05 17:31:53,313 [1] INFO  logger - 页面中文语言配置成功
2025-09-05 17:31:53,313 [1] INFO  logger - 页面英文语言配置成功
2025-09-05 17:31:53,313 [1] INFO  logger - 页面中文弹框信息配置成功
2025-09-05 17:31:53,313 [1] INFO  logger - 页面英文弹框信息配置成功
2025-09-05 17:33:22,341 [1] INFO  logger - 页面中文语言配置成功
2025-09-05 17:33:22,352 [1] INFO  logger - 页面英文语言配置成功
2025-09-05 17:33:22,357 [1] INFO  logger - 页面中文弹框信息配置成功
2025-09-05 17:33:22,357 [1] INFO  logger - 页面英文弹框信息配置成功
2025-09-05 17:37:42,760 [1] INFO  logger - 页面中文语言配置成功
2025-09-05 17:37:42,766 [1] INFO  logger - 页面英文语言配置成功
2025-09-05 17:37:42,766 [1] INFO  logger - 页面中文弹框信息配置成功
2025-09-05 17:37:42,766 [1] INFO  logger - 页面英文弹框信息配置成功
2025-09-05 17:39:29,453 [1] INFO  logger - 页面中文语言配置成功
2025-09-05 17:39:29,461 [1] INFO  logger - 页面英文语言配置成功
2025-09-05 17:39:29,461 [1] INFO  logger - 页面中文弹框信息配置成功
2025-09-05 17:39:29,461 [1] INFO  logger - 页面英文弹框信息配置成功
2025-09-05 17:40:46,798 [1] INFO  logger - 页面中文语言配置成功
2025-09-05 17:40:46,805 [1] INFO  logger - 页面英文语言配置成功
2025-09-05 17:40:46,805 [1] INFO  logger - 页面中文弹框信息配置成功
2025-09-05 17:40:46,805 [1] INFO  logger - 页面英文弹框信息配置成功
2025-09-05 17:42:08,624 [1] INFO  logger - 页面中文语言配置成功
2025-09-05 17:42:08,629 [1] INFO  logger - 页面英文语言配置成功
2025-09-05 17:42:08,630 [1] INFO  logger - 页面中文弹框信息配置成功
2025-09-05 17:42:08,630 [1] INFO  logger - 页面英文弹框信息配置成功
