2025-08-25 12:12:53,502 [1] INFO  logger - 页面中文语言配置成功
2025-08-25 12:12:53,513 [1] ERROR logger - UnhandledException未处理异常:给定关键字不在字典中。
2025-08-25 12:13:28,134 [1] INFO  logger - 页面中文语言配置成功
2025-08-25 12:13:28,140 [1] INFO  logger - 页面英文语言配置成功
2025-08-25 12:13:28,140 [1] INFO  logger - 页面中文弹框信息配置成功
2025-08-25 12:13:28,140 [1] INFO  logger - 页面英文弹框信息配置成功
2025-08-25 12:24:11,435 [1] INFO  logger - 页面中文语言配置成功
2025-08-25 12:24:11,441 [1] INFO  logger - 页面英文语言配置成功
2025-08-25 12:24:11,441 [1] INFO  logger - 页面中文弹框信息配置成功
2025-08-25 12:24:11,441 [1] INFO  logger - 页面英文弹框信息配置成功
2025-08-25 12:24:20,650 [1] INFO  logger - 页面中文语言配置成功
2025-08-25 12:24:20,657 [1] INFO  logger - 页面英文语言配置成功
2025-08-25 12:24:20,657 [1] INFO  logger - 页面中文弹框信息配置成功
2025-08-25 12:24:20,657 [1] INFO  logger - 页面英文弹框信息配置成功
2025-08-25 12:24:48,885 [1] INFO  logger - 页面中文语言配置成功
2025-08-25 12:24:48,892 [1] INFO  logger - 页面英文语言配置成功
2025-08-25 12:24:48,892 [1] INFO  logger - 页面中文弹框信息配置成功
2025-08-25 12:24:48,892 [1] INFO  logger - 页面英文弹框信息配置成功
2025-08-25 13:43:47,851 [1] INFO  logger - 页面中文语言配置成功
2025-08-25 13:43:47,857 [1] INFO  logger - 页面英文语言配置成功
2025-08-25 13:43:47,858 [1] INFO  logger - 页面中文弹框信息配置成功
2025-08-25 13:43:47,858 [1] INFO  logger - 页面英文弹框信息配置成功
2025-08-25 13:44:01,305 [1] INFO  logger - 页面中文语言配置成功
2025-08-25 13:44:01,314 [1] INFO  logger - 页面英文语言配置成功
2025-08-25 13:44:01,314 [1] INFO  logger - 页面中文弹框信息配置成功
2025-08-25 13:44:01,315 [1] INFO  logger - 页面英文弹框信息配置成功
2025-08-25 13:46:41,180 [1] INFO  logger - 页面中文语言配置成功
2025-08-25 13:46:41,188 [1] INFO  logger - 页面英文语言配置成功
2025-08-25 13:46:41,188 [1] INFO  logger - 页面中文弹框信息配置成功
2025-08-25 13:46:41,188 [1] INFO  logger - 页面英文弹框信息配置成功
2025-08-25 13:47:05,986 [1] INFO  logger - 页面中文语言配置成功
2025-08-25 13:47:05,991 [1] INFO  logger - 页面英文语言配置成功
2025-08-25 13:47:05,993 [1] INFO  logger - 页面中文弹框信息配置成功
2025-08-25 13:47:05,993 [1] INFO  logger - 页面英文弹框信息配置成功
2025-08-25 13:48:25,910 [1] INFO  logger - 页面中文语言配置成功
2025-08-25 13:48:25,916 [1] INFO  logger - 页面英文语言配置成功
2025-08-25 13:48:25,916 [1] INFO  logger - 页面中文弹框信息配置成功
2025-08-25 13:48:25,916 [1] INFO  logger - 页面英文弹框信息配置成功
2025-08-25 13:53:59,474 [1] INFO  logger - 页面中文语言配置成功
2025-08-25 13:53:59,482 [1] INFO  logger - 页面英文语言配置成功
2025-08-25 13:53:59,482 [1] INFO  logger - 页面中文弹框信息配置成功
2025-08-25 13:53:59,482 [1] INFO  logger - 页面英文弹框信息配置成功
2025-08-25 17:00:52,211 [1] INFO  logger - 页面中文语言配置成功
2025-08-25 17:00:52,217 [1] INFO  logger - 页面英文语言配置成功
2025-08-25 17:00:52,217 [1] INFO  logger - 页面中文弹框信息配置成功
2025-08-25 17:00:52,217 [1] INFO  logger - 页面英文弹框信息配置成功
2025-08-25 17:01:10,852 [1] INFO  logger - 页面中文语言配置成功
2025-08-25 17:01:10,857 [1] INFO  logger - 页面英文语言配置成功
2025-08-25 17:01:10,858 [1] INFO  logger - 页面中文弹框信息配置成功
2025-08-25 17:01:10,858 [1] INFO  logger - 页面英文弹框信息配置成功
