2025-08-21 10:29:46,570 [1] INFO  Loger - 进入Main方法
2025-08-21 10:29:46,583 [1] INFO  Loger - 进入FormMain 构造
2025-08-21 16:44:55,195 [1] ERROR logger - UnhandledException未处理异常:填充无效，无法被移除。
2025-08-21 16:45:48,772 [1] ERROR logger - UnhandledException未处理异常:填充无效，无法被移除。
2025-08-21 17:19:10,517 [1] ERROR logger - 数据库升级报错：无法加载 DLL“e_sqlite3”: 找不到指定的模块。 (异常来自 HRESULT:0x8007007E)。
2025-08-21 17:22:25,313 [1] ERROR logger - 数据库升级报错：无法加载 DLL“e_sqlite3”: 找不到指定的模块。 (异常来自 HRESULT:0x8007007E)。
2025-08-21 17:31:14,647 [1] ERROR logger - 数据库升级报错：无法加载 DLL“e_sqlite3”: 找不到指定的模块。 (异常来自 HRESULT:0x8007007E)。
2025-08-21 17:31:21,043 [1] ERROR logger - 数据库升级报错：无法加载 DLL“e_sqlite3”: 找不到指定的模块。 (异常来自 HRESULT:0x8007007E)。
2025-08-21 17:36:52,829 [1] ERROR logger - 数据库升级报错：无法加载 DLL“e_sqlite3”: 找不到指定的模块。 (异常来自 HRESULT:0x8007007E)。
2025-08-21 17:39:49,321 [1] ERROR logger - 数据库升级报错：无法加载 DLL“e_sqlite3”: 找不到指定的模块。 (异常来自 HRESULT:0x8007007E)。
2025-08-21 17:50:39,607 [1] ERROR logger - 数据库升级报错：文件“F:\FangYuanYiQiCode\TCOFurnace\TCOFurnace\bin\Debug\tcofurnace.db”正由另一进程使用，因此该进程无法访问此文件。
2025-08-21 17:53:30,138 [1] ERROR logger - 数据库升级报错：文件“F:\FangYuanYiQiCode\TCOFurnace\TCOFurnace\bin\Debug\tcofurnace.db”正由另一进程使用，因此该进程无法访问此文件。
2025-08-21 18:01:17,465 [1] ERROR logger - 数据库初始化报凑：输入的不是有效的 Base-64 字符串，因为它包含非 Base-64 字符、两个以上的填充字符，或者填充字符间包含非法字符。
2025-08-21 18:03:24,660 [1] ERROR logger - 数据库初始化报凑：输入的不是有效的 Base-64 字符串，因为它包含非 Base-64 字符、两个以上的填充字符，或者填充字符间包含非法字符。
2025-08-21 18:08:22,228 [1] ERROR logger - UnhandledException未处理异常:Base-64 字符数组或字符串的长度无效。
2025-08-21 18:19:00,341 [1] ERROR logger - 解密字符串报错[sd]Base-64 字符数组或字符串的长度无效。
2025-08-21 18:19:12,217 [1] ERROR logger - 解密字符串报错[sd]Base-64 字符数组或字符串的长度无效。
2025-08-21 18:19:22,614 [1] ERROR logger - 解密字符串报错[sd]Base-64 字符数组或字符串的长度无效。
2025-08-21 18:26:40,652 [1] ERROR logger - 解密字符串报错[sd]Base-64 字符数组或字符串的长度无效。
2025-08-21 18:26:56,200 [1] ERROR logger - 解密字符串报错[sd]Base-64 字符数组或字符串的长度无效。
2025-08-21 18:30:37,379 [1] ERROR logger - 解密字符串报错[Admin@123]输入的不是有效的 Base-64 字符串，因为它包含非 Base-64 字符、两个以上的填充字符，或者填充字符间包含非法字符。
2025-08-21 18:30:56,336 [1] ERROR logger - 解密字符串报错[Admin@123]输入的不是有效的 Base-64 字符串，因为它包含非 Base-64 字符、两个以上的填充字符，或者填充字符间包含非法字符。
2025-08-21 18:32:33,706 [1] ERROR logger - 解密字符串报错[Admin@123]输入的不是有效的 Base-64 字符串，因为它包含非 Base-64 字符、两个以上的填充字符，或者填充字符间包含非法字符。
2025-08-21 18:32:42,406 [1] ERROR logger - 数据库初始化报凑：无法访问已释放的对象。
对象名:“SQLiteConnection”。
2025-08-21 18:33:17,192 [1] ERROR logger - 解密字符串报错[Admin@123]输入的不是有效的 Base-64 字符串，因为它包含非 Base-64 字符、两个以上的填充字符，或者填充字符间包含非法字符。
2025-08-21 18:38:29,375 [1] ERROR logger - 解密字符串报错[Admin@123]输入的不是有效的 Base-64 字符串，因为它包含非 Base-64 字符、两个以上的填充字符，或者填充字符间包含非法字符。
2025-08-21 18:38:36,617 [1] ERROR logger - 数据库初始化报凑：SQL logic error
near "@123": syntax error
2025-08-21 18:39:33,597 [1] ERROR logger - 解密字符串报错[Admin@123]输入的不是有效的 Base-64 字符串，因为它包含非 Base-64 字符、两个以上的填充字符，或者填充字符间包含非法字符。
2025-08-21 18:40:34,921 [1] ERROR logger - 数据库初始化报凑：SQL logic error
near "@123": syntax error
2025-08-21 18:45:06,500 [1] ERROR logger - 数据库初始化报凑：SQL logic error
no such table: Users
2025-08-21 18:50:08,660 [1] INFO  logger - 数据库表初始化成功
2025-08-21 18:51:50,603 [1] ERROR logger - 数据库初始化报凑：SQL logic error
no such table: Users
2025-08-21 18:52:04,200 [1] INFO  logger - 数据库表初始化成功
2025-08-21 18:52:04,285 [1] INFO  logger - 数据库表数据初始化成功
